// Jest Snapshot v1, https://goo.gl/fbAQLP

exports[`matches snapshot 1`] = `
Object {
  "asFragment": [Function],
  "baseElement": <body>
    <div>
      <div
        class="sc-bdfCDU ksWkj"
      >
        <div
          class="sc-gsTDqH iYxtmk"
        >
          <button
            class="sc-hKgKIp sc-eCstZk leDbbK ijgNJl"
          >
            Restart
          </button>
          <div
            class="sc-dlfmHC eCzLGW"
            data-testid="playerTurnAndStep"
          >
            STEP 
            1
             : 
            X
             TURN
          </div>
        </div>
        <div
          class="sc-iBPTVF gIXXFF"
          data-testid="board"
        >
          <button
            class="sc-gKsecS cuIVwp"
            data-testid="cell-0"
            role="gridcell"
          />
          <button
            class="sc-gKsecS cuIVwp"
            data-testid="cell-1"
            role="gridcell"
          />
          <button
            class="sc-gKsecS cuIVwp"
            data-testid="cell-2"
            role="gridcell"
          />
          <button
            class="sc-gKsecS cuIVwp"
            data-testid="cell-3"
            role="gridcell"
          />
          <button
            class="sc-gKsecS cuIVwp"
            data-testid="cell-4"
            role="gridcell"
          />
          <button
            class="sc-gKsecS cuIVwp"
            data-testid="cell-5"
            role="gridcell"
          />
          <button
            class="sc-gKsecS cuIVwp"
            data-testid="cell-6"
            role="gridcell"
          />
          <button
            class="sc-gKsecS cuIVwp"
            data-testid="cell-7"
            role="gridcell"
          />
          <button
            class="sc-gKsecS cuIVwp"
            data-testid="cell-8"
            role="gridcell"
          />
        </div>
        <div
          class="sc-fubDmA enJhvo"
        >
          <button
            class="sc-pGaPU fulHvW"
            data-testid="backAStepBtn"
          >
            <svg
              fill="currentColor"
              height="2rem"
              stroke="currentColor"
              stroke-width="0"
              viewBox="0 0 24 24"
              width="2rem"
              xmlns="http://www.w3.org/2000/svg"
            >
              <path
                d="M5.82843 6.99955L8.36396 9.53509L6.94975 10.9493L2 5.99955L6.94975 1.0498L8.36396 2.46402L5.82843 4.99955H13C17.4183 4.99955 21 8.58127 21 12.9996C21 17.4178 17.4183 20.9996 13 20.9996H4V18.9996H13C16.3137 18.9996 19 16.3133 19 12.9996C19 9.68584 16.3137 6.99955 13 6.99955H5.82843Z"
              />
            </svg>
          </button>
          <button
            class="sc-jrAGKZ cidbKW"
            data-testid="showHistoryButton"
          >
            SHOW HISTORY
          </button>
        </div>
      </div>
    </div>
  </body>,
  "container": <div>
    <div
      class="sc-bdfCDU ksWkj"
    >
      <div
        class="sc-gsTDqH iYxtmk"
      >
        <button
          class="sc-hKgKIp sc-eCstZk leDbbK ijgNJl"
        >
          Restart
        </button>
        <div
          class="sc-dlfmHC eCzLGW"
          data-testid="playerTurnAndStep"
        >
          STEP 
          1
           : 
          X
           TURN
        </div>
      </div>
      <div
        class="sc-iBPTVF gIXXFF"
        data-testid="board"
      >
        <button
          class="sc-gKsecS cuIVwp"
          data-testid="cell-0"
          role="gridcell"
        />
        <button
          class="sc-gKsecS cuIVwp"
          data-testid="cell-1"
          role="gridcell"
        />
        <button
          class="sc-gKsecS cuIVwp"
          data-testid="cell-2"
          role="gridcell"
        />
        <button
          class="sc-gKsecS cuIVwp"
          data-testid="cell-3"
          role="gridcell"
        />
        <button
          class="sc-gKsecS cuIVwp"
          data-testid="cell-4"
          role="gridcell"
        />
        <button
          class="sc-gKsecS cuIVwp"
          data-testid="cell-5"
          role="gridcell"
        />
        <button
          class="sc-gKsecS cuIVwp"
          data-testid="cell-6"
          role="gridcell"
        />
        <button
          class="sc-gKsecS cuIVwp"
          data-testid="cell-7"
          role="gridcell"
        />
        <button
          class="sc-gKsecS cuIVwp"
          data-testid="cell-8"
          role="gridcell"
        />
      </div>
      <div
        class="sc-fubDmA enJhvo"
      >
        <button
          class="sc-pGaPU fulHvW"
          data-testid="backAStepBtn"
        >
          <svg
            fill="currentColor"
            height="2rem"
            stroke="currentColor"
            stroke-width="0"
            viewBox="0 0 24 24"
            width="2rem"
            xmlns="http://www.w3.org/2000/svg"
          >
            <path
              d="M5.82843 6.99955L8.36396 9.53509L6.94975 10.9493L2 5.99955L6.94975 1.0498L8.36396 2.46402L5.82843 4.99955H13C17.4183 4.99955 21 8.58127 21 12.9996C21 17.4178 17.4183 20.9996 13 20.9996H4V18.9996H13C16.3137 18.9996 19 16.3133 19 12.9996C19 9.68584 16.3137 6.99955 13 6.99955H5.82843Z"
            />
          </svg>
        </button>
        <button
          class="sc-jrAGKZ cidbKW"
          data-testid="showHistoryButton"
        >
          SHOW HISTORY
        </button>
      </div>
    </div>
  </div>,
  "debug": [Function],
  "findAllByAltText": [Function],
  "findAllByDisplayValue": [Function],
  "findAllByLabelText": [Function],
  "findAllByPlaceholderText": [Function],
  "findAllByRole": [Function],
  "findAllByTestId": [Function],
  "findAllByText": [Function],
  "findAllByTitle": [Function],
  "findByAltText": [Function],
  "findByDisplayValue": [Function],
  "findByLabelText": [Function],
  "findByPlaceholderText": [Function],
  "findByRole": [Function],
  "findByTestId": [Function],
  "findByText": [Function],
  "findByTitle": [Function],
  "getAllByAltText": [Function],
  "getAllByDisplayValue": [Function],
  "getAllByLabelText": [Function],
  "getAllByPlaceholderText": [Function],
  "getAllByRole": [Function],
  "getAllByTestId": [Function],
  "getAllByText": [Function],
  "getAllByTitle": [Function],
  "getByAltText": [Function],
  "getByDisplayValue": [Function],
  "getByLabelText": [Function],
  "getByPlaceholderText": [Function],
  "getByRole": [Function],
  "getByTestId": [Function],
  "getByText": [Function],
  "getByTitle": [Function],
  "queryAllByAltText": [Function],
  "queryAllByDisplayValue": [Function],
  "queryAllByLabelText": [Function],
  "queryAllByPlaceholderText": [Function],
  "queryAllByRole": [Function],
  "queryAllByTestId": [Function],
  "queryAllByText": [Function],
  "queryAllByTitle": [Function],
  "queryByAltText": [Function],
  "queryByDisplayValue": [Function],
  "queryByLabelText": [Function],
  "queryByPlaceholderText": [Function],
  "queryByRole": [Function],
  "queryByTestId": [Function],
  "queryByText": [Function],
  "queryByTitle": [Function],
  "rerender": [Function],
  "unmount": [Function],
}
`;
